###############################################################################
#
# IAR ELF Linker V8.50.4.261/W32 for ARM                  31/Aug/2020  09:37:17
# Copyright 2007-2020 IAR Systems AB.
#
#    Output file  =
#        E:\Mindray_V1_1_7(4_dot_Collect)\Project\Debug\Exe\CapacitiveSensor.out
#    Map file     =
#        E:\Mindray_V1_1_7(4_dot_Collect)\Project\Debug\List\CapacitiveSensor.map
#    Command line =
#        -f C:\Users\hp\AppData\Local\Temp\EWB64A.tmp
#        ("E:\Mindray_V1_1_7(4_dot_Collect)\Project\Debug\Obj\DataOutput.o"
#        "E:\Mindray_V1_1_7(4_dot_Collect)\Project\Debug\Obj\main.o"
#        "E:\Mindray_V1_1_7(4_dot_Collect)\Project\Debug\Obj\modbus.o"
#        "E:\Mindray_V1_1_7(4_dot_Collect)\Project\Debug\Obj\modbus_ascii.o"
#        "E:\Mindray_V1_1_7(4_dot_Collect)\Project\Debug\Obj\Picocap.o"
#        "E:\Mindray_V1_1_7(4_dot_Collect)\Project\Debug\Obj\SoftSpi.o"
#        "E:\Mindray_V1_1_7(4_dot_Collect)\Project\Debug\Obj\startup_stm32l072xx.o"
#        "E:\Mindray_V1_1_7(4_dot_Collect)\Project\Debug\Obj\stm32l0_adc.o"
#        "E:\Mindray_V1_1_7(4_dot_Collect)\Project\Debug\Obj\stm32l0_adc_app.o"
#        "E:\Mindray_V1_1_7(4_dot_Collect)\Project\Debug\Obj\stm32l0_dac.o"
#        "E:\Mindray_V1_1_7(4_dot_Collect)\Project\Debug\Obj\stm32l0_dac_app.o"
#        "E:\Mindray_V1_1_7(4_dot_Collect)\Project\Debug\Obj\stm32l0_eeprom.o"
#        "E:\Mindray_V1_1_7(4_dot_Collect)\Project\Debug\Obj\stm32l0_eeprom_app.o"
#        "E:\Mindray_V1_1_7(4_dot_Collect)\Project\Debug\Obj\stm32l0_timer.o"
#        "E:\Mindray_V1_1_7(4_dot_Collect)\Project\Debug\Obj\stm32l0_timer_app.o"
#        "E:\Mindray_V1_1_7(4_dot_Collect)\Project\Debug\Obj\stm32l0_usart.o"
#        "E:\Mindray_V1_1_7(4_dot_Collect)\Project\Debug\Obj\stm32l0_usart_app.o"
#        "E:\Mindray_V1_1_7(4_dot_Collect)\Project\Debug\Obj\stm32l0xx_hal.o"
#        "E:\Mindray_V1_1_7(4_dot_Collect)\Project\Debug\Obj\stm32l0xx_hal_adc.o"
#        "E:\Mindray_V1_1_7(4_dot_Collect)\Project\Debug\Obj\stm32l0xx_hal_adc_ex.o"
#        "E:\Mindray_V1_1_7(4_dot_Collect)\Project\Debug\Obj\stm32l0xx_hal_comp.o"
#        "E:\Mindray_V1_1_7(4_dot_Collect)\Project\Debug\Obj\stm32l0xx_hal_comp_ex.o"
#        "E:\Mindray_V1_1_7(4_dot_Collect)\Project\Debug\Obj\stm32l0xx_hal_cortex.o"
#        "E:\Mindray_V1_1_7(4_dot_Collect)\Project\Debug\Obj\stm32l0xx_hal_crc.o"
#        "E:\Mindray_V1_1_7(4_dot_Collect)\Project\Debug\Obj\stm32l0xx_hal_crc_ex.o"
#        "E:\Mindray_V1_1_7(4_dot_Collect)\Project\Debug\Obj\stm32l0xx_hal_cryp.o"
#        "E:\Mindray_V1_1_7(4_dot_Collect)\Project\Debug\Obj\stm32l0xx_hal_cryp_ex.o"
#        "E:\Mindray_V1_1_7(4_dot_Collect)\Project\Debug\Obj\stm32l0xx_hal_dac.o"
#        "E:\Mindray_V1_1_7(4_dot_Collect)\Project\Debug\Obj\stm32l0xx_hal_dac_ex.o"
#        "E:\Mindray_V1_1_7(4_dot_Collect)\Project\Debug\Obj\stm32l0xx_hal_dma.o"
#        "E:\Mindray_V1_1_7(4_dot_Collect)\Project\Debug\Obj\stm32l0xx_hal_firewall.o"
#        "E:\Mindray_V1_1_7(4_dot_Collect)\Project\Debug\Obj\stm32l0xx_hal_flash.o"
#        "E:\Mindray_V1_1_7(4_dot_Collect)\Project\Debug\Obj\stm32l0xx_hal_flash_ex.o"
#        "E:\Mindray_V1_1_7(4_dot_Collect)\Project\Debug\Obj\stm32l0xx_hal_flash_ramfunc.o"
#        "E:\Mindray_V1_1_7(4_dot_Collect)\Project\Debug\Obj\stm32l0xx_hal_gpio.o"
#        "E:\Mindray_V1_1_7(4_dot_Collect)\Project\Debug\Obj\stm32l0xx_hal_i2c.o"
#        "E:\Mindray_V1_1_7(4_dot_Collect)\Project\Debug\Obj\stm32l0xx_hal_i2c_ex.o"
#        "E:\Mindray_V1_1_7(4_dot_Collect)\Project\Debug\Obj\stm32l0xx_hal_i2s.o"
#        "E:\Mindray_V1_1_7(4_dot_Collect)\Project\Debug\Obj\stm32l0xx_hal_irda.o"
#        "E:\Mindray_V1_1_7(4_dot_Collect)\Project\Debug\Obj\stm32l0xx_hal_iwdg.o"
#        "E:\Mindray_V1_1_7(4_dot_Collect)\Project\Debug\Obj\stm32l0xx_hal_lcd.o"
#        "E:\Mindray_V1_1_7(4_dot_Collect)\Project\Debug\Obj\stm32l0xx_hal_lptim.o"
#        "E:\Mindray_V1_1_7(4_dot_Collect)\Project\Debug\Obj\stm32l0xx_hal_msp_template.o"
#        "E:\Mindray_V1_1_7(4_dot_Collect)\Project\Debug\Obj\stm32l0xx_hal_pcd.o"
#        "E:\Mindray_V1_1_7(4_dot_Collect)\Project\Debug\Obj\stm32l0xx_hal_pcd_ex.o"
#        "E:\Mindray_V1_1_7(4_dot_Collect)\Project\Debug\Obj\stm32l0xx_hal_pwr.o"
#        "E:\Mindray_V1_1_7(4_dot_Collect)\Project\Debug\Obj\stm32l0xx_hal_pwr_ex.o"
#        "E:\Mindray_V1_1_7(4_dot_Collect)\Project\Debug\Obj\stm32l0xx_hal_rcc.o"
#        "E:\Mindray_V1_1_7(4_dot_Collect)\Project\Debug\Obj\stm32l0xx_hal_rcc_ex.o"
#        "E:\Mindray_V1_1_7(4_dot_Collect)\Project\Debug\Obj\stm32l0xx_hal_rng.o"
#        "E:\Mindray_V1_1_7(4_dot_Collect)\Project\Debug\Obj\stm32l0xx_hal_rtc.o"
#        "E:\Mindray_V1_1_7(4_dot_Collect)\Project\Debug\Obj\stm32l0xx_hal_rtc_ex.o"
#        "E:\Mindray_V1_1_7(4_dot_Collect)\Project\Debug\Obj\stm32l0xx_hal_smartcard.o"
#        "E:\Mindray_V1_1_7(4_dot_Collect)\Project\Debug\Obj\stm32l0xx_hal_smartcard_ex.o"
#        "E:\Mindray_V1_1_7(4_dot_Collect)\Project\Debug\Obj\stm32l0xx_hal_smbus.o"
#        "E:\Mindray_V1_1_7(4_dot_Collect)\Project\Debug\Obj\stm32l0xx_hal_spi.o"
#        "E:\Mindray_V1_1_7(4_dot_Collect)\Project\Debug\Obj\stm32l0xx_hal_tim.o"
#        "E:\Mindray_V1_1_7(4_dot_Collect)\Project\Debug\Obj\stm32l0xx_hal_tim_ex.o"
#        "E:\Mindray_V1_1_7(4_dot_Collect)\Project\Debug\Obj\stm32l0xx_hal_tsc.o"
#        "E:\Mindray_V1_1_7(4_dot_Collect)\Project\Debug\Obj\stm32l0xx_hal_uart.o"
#        "E:\Mindray_V1_1_7(4_dot_Collect)\Project\Debug\Obj\stm32l0xx_hal_uart_ex.o"
#        "E:\Mindray_V1_1_7(4_dot_Collect)\Project\Debug\Obj\stm32l0xx_hal_usart.o"
#        "E:\Mindray_V1_1_7(4_dot_Collect)\Project\Debug\Obj\stm32l0xx_hal_wwdg.o"
#        "E:\Mindray_V1_1_7(4_dot_Collect)\Project\Debug\Obj\stm32l0xx_it.o"
#        "E:\Mindray_V1_1_7(4_dot_Collect)\Project\Debug\Obj\system_stm32l0xx.o"
#        "E:\Mindray_V1_1_7(4_dot_Collect)\Project\Debug\Obj\TypeConvert.o"
#        "E:\Mindray_V1_1_7(4_dot_Collect)\Project\Debug\Obj\User_Selection.o"
#        --no_out_extension -o
#        "E:\Mindray_V1_1_7(4_dot_Collect)\Project\Debug\Exe\CapacitiveSensor.out"
#        --map
#        "E:\Mindray_V1_1_7(4_dot_Collect)\Project\Debug\List\CapacitiveSensor.map"
#        --config
#        "E:\Mindray_V1_1_7(4_dot_Collect)\Project\CapacitiveSensor.icf"
#        --semihosting --entry __iar_program_start --vfe --text_out locale)
#
###############################################################################

*******************************************************************************
*** RUNTIME MODEL ATTRIBUTES
***

CppFlavor       = *
__SystemLibrary = DLib
__dlib_version  = 6


*******************************************************************************
*** HEAP SELECTION
***

The basic heap was selected because no calls to memory allocation
functions were found in the application outside of system library
functions, and there are calls to deallocation functions in the
application.


*******************************************************************************
*** PLACEMENT SUMMARY
***

"A0":  place at address 0x800'3000 { ro section .intvec };
"P1":  place in [from 0x0 to 0x0] |
                [from 0x800'3000 to 0x801'ffff] { ro };
define block CSTACK with size = 1K, alignment = 8 { };
define block HEAP with size = 2K, alignment = 8 { };
"P3":  place in [from 0x0 to 0x0] |
                [from 0x2000'0000 to 0x2000'4fff] {
          rw, block CSTACK, block HEAP };
initialize by copy { rw };

No sections matched the following patterns:

  ro section application_specific_ro  in "P2"
  rw section application_specific_rw  in "P4"


  Section            Kind         Address    Size  Object
  -------            ----         -------    ----  ------
"A0":                                        0xc0
  .intvec            ro code   0x800'3000    0xc0  startup_stm32l072xx.o [1]
                             - 0x800'30c0    0xc0

"P1":                                      0x77f4
  .text              ro code   0x800'30c0  0x20b4  modbus.o [1]
  .text              ro code   0x800'5174   0x374  modbus_ascii.o [1]
  .text              ro code   0x800'54e8    0xb0  FltMul.o [3]
  .text              ro code   0x800'5598    0x26  FltToU32.o [3]
  .text              ro code   0x800'55be     0x2  startup_stm32l072xx.o [1]
  .text              ro code   0x800'55c0    0x3a  FltToS32.o [3]
  .text              ro code   0x800'55fa   0x120  FltAddSub.o [3]
  .text              ro code   0x800'571a   0x158  TypeConvert.o [1]
  .text              ro code   0x800'5872     0x2  startup_stm32l072xx.o [1]
  .text              ro code   0x800'5874   0x5b4  stm32l0_eeprom_app.o [1]
  .text              ro code   0x800'5e28    0xe6  stm32l0_eeprom.o [1]
  .text              ro code   0x800'5f0e     0x2  startup_stm32l072xx.o [1]
  .text              ro code   0x800'5f10    0x36  IxxToFlt.o [3]
  .text              ro code   0x800'5f46    0xaa  FltDiv.o [3]
  .text              ro code   0x800'5ff0    0x28  FltCmpGe.o [3]
  .text              ro code   0x800'6018    0x26  FltCmpLe.o [3]
  .text              ro code   0x800'603e     0x2  startup_stm32l072xx.o [1]
  .text              ro code   0x800'6040   0x184  stm32l0_dac.o [1]
  .text              ro code   0x800'61c4   0x218  SoftSpi.o [1]
  .text              ro code   0x800'63dc    0xe0  I32DivModFast.o [4]
  .text              ro code   0x800'64bc   0x178  stm32l0_usart_app.o [1]
  .text              ro code   0x800'6634    0x6a  I64DivMod.o [4]
  .text              ro code   0x800'669e     0x2  startup_stm32l072xx.o [1]
  .text              ro code   0x800'66a0    0x20  IxxToDbl.o [3]
  .text              ro code   0x800'66c0    0xc2  DblDiv.o [3]
  .text              ro code   0x800'6782    0x62  DblToFlt.o [3]
  .text              ro code   0x800'67e4    0xa0  stm32l0xx_hal_flash_ex.o [1]
  .text              ro code   0x800'6884    0xf8  stm32l0xx_hal_flash.o [1]
  .text              ro code   0x800'697c   0x25e  stm32l0xx_hal_gpio.o [1]
  .text              ro code   0x800'6bda     0x2  startup_stm32l072xx.o [1]
  .text              ro code   0x800'6bdc    0x7a  stm32l0xx_hal_dac.o [1]
  .text              ro code   0x800'6c56     0x2  startup_stm32l072xx.o [1]
  .text              ro code   0x800'6c58     0x2  IntDivZer.o [4]
  .text              ro code   0x800'6c5a     0x2  startup_stm32l072xx.o [1]
  .text              ro code   0x800'6c5c   0x2c4  stm32l0_usart.o [1]
  .text              ro code   0x800'6f20     0x2  I64DivZer.o [4]
  .text              ro code   0x800'6f22     0x2  startup_stm32l072xx.o [1]
  .text              ro code   0x800'6f24     0xc  stm32l0xx_hal.o [1]
  .text              ro code   0x800'6f30   0x52e  stm32l0xx_hal_uart.o [1]
  .text              ro code   0x800'745e     0x2  startup_stm32l072xx.o [1]
  .text              ro code   0x800'7460   0x118  stm32l0xx_hal_cortex.o [1]
  .text              ro code   0x800'7578   0x8c0  stm32l0xx_hal_rcc.o [1]
  .text              ro code   0x800'7e38    0x24  stm32l0xx_hal.o [1]
  .text              ro code   0x800'7e5c   0x8a4  DataOutput.o [1]
  .text              ro code   0x800'8700   0x2b4  Picocap.o [1]
  .text              ro code   0x800'89b4   0x28a  stm32l0xx_hal_tim.o [1]
  .text              ro code   0x800'8c3e     0x2  startup_stm32l072xx.o [1]
  .text              ro code   0x800'8c40    0x4e  ABImemcpy.o [4]
  .text              ro code   0x800'8c8e     0x2  startup_stm32l072xx.o [1]
  .text              ro code   0x800'8c90    0x32  FltToDbl.o [3]
  .text              ro code   0x800'8cc2    0x32  DblCmpLe.o [3]
  .text              ro code   0x800'8cf4     0x2  stm32l0xx_hal_tim.o [1]
  .text              ro code   0x800'8cf6     0x2  stm32l0xx_hal_tim.o [1]
  .text              ro code   0x800'8cf8     0x2  stm32l0xx_hal_tim.o [1]
  .text              ro code   0x800'8cfa     0x2  stm32l0xx_hal_tim.o [1]
  .text              ro code   0x800'8cfc   0x4da  stm32l0xx_hal_adc.o [1]
  .text              ro code   0x800'91d6     0x2  startup_stm32l072xx.o [1]
  .text              ro code   0x800'91d8   0x1ce  stm32l0xx_hal_dma.o [1]
  .text              ro code   0x800'93a6     0x2  stm32l0xx_hal_adc.o [1]
  .text              ro code   0x800'93a8     0x2  stm32l0xx_hal_adc.o [1]
  .text              ro code   0x800'93aa     0x2  stm32l0xx_hal_adc.o [1]
  .text              ro code   0x800'93ac   0x450  stm32l0_adc.o [1]
  .text              ro code   0x800'97fc   0x150  stm32l0xx_hal_adc_ex.o [1]
  .rodata            const     0x800'994c   0x3b0  Picocap.o [1]
  .text              ro code   0x800'9cfc   0x1c4  stm32l0xx_hal_rcc_ex.o [1]
  .text              ro code   0x800'9ec0   0x1b4  DblAddSub.o [3]
  .text              ro code   0x800'a074   0x1a8  stm32l0_adc_app.o [1]
  .text              ro code   0x800'a21c   0x11c  stm32l0_timer.o [1]
  .text              ro code   0x800'a338    0xf4  main.o [1]
  .text              ro code   0x800'a42c    0x58  stm32l0xx_hal.o [1]
  .text              ro code   0x800'a484    0x48  stm32l0_timer_app.o [1]
  .text              ro code   0x800'a4cc    0x5c  stm32l0_dac_app.o [1]
  .text              ro code   0x800'a528    0x14  memset.o [4]
  .text              ro code   0x800'a53c     0x4  stm32l0xx_hal_msp_template.o [1]
  .text              ro code   0x800'a540    0x4e  ABImemset.o [4]
  .text              ro code   0x800'a58e     0x2  startup_stm32l072xx.o [1]
  .rodata            const     0x800'a590    0xd0  stm32l0_eeprom_app.o [1]
  .rodata            const     0x800'a660    0x54  Picocap.o [1]
  .text              ro code   0x800'a6b4    0x54  system_stm32l0xx.o [1]
  .text              ro code   0x800'a708    0x3c  stm32l0xx_it.o [1]
  .text              ro code   0x800'a744    0x10  stm32l0xx_hal.o [1]
  .text              ro code   0x800'a754    0x3c  zero_init3.o [4]
  .text              ro code   0x800'a790    0x30  copy_init3.o [4]
  .text              ro code   0x800'a7c0    0x28  data_init.o [4]
  .iar.init_table    const     0x800'a7e8    0x24  - Linker created -
  .text              ro code   0x800'a80c    0x1e  cmain.o [4]
  .text              ro code   0x800'a82a     0x4  low_level_init.o [2]
  .text              ro code   0x800'a82e     0x8  exit.o [2]
  .text              ro code   0x800'a836     0x2  startup_stm32l072xx.o [1]
  .text              ro code   0x800'a838     0xa  cexit.o [4]
  .text              ro code   0x800'a842     0x2  startup_stm32l072xx.o [1]
  .text              ro code   0x800'a844    0x14  exit.o [5]
  .text              ro code   0x800'a858    0x10  startup_stm32l072xx.o [1]
  .text              ro code   0x800'a868     0xc  cstartup_M.o [4]
  .rodata            const     0x800'a874     0x8  stm32l0_eeprom_app.o [1]
  .text              ro code   0x800'a87c     0x2  startup_stm32l072xx.o [1]
  .text              ro code   0x800'a87e     0x2  startup_stm32l072xx.o [1]
  .text              ro code   0x800'a880     0x2  startup_stm32l072xx.o [1]
  .text              ro code   0x800'a882     0x2  startup_stm32l072xx.o [1]
  .text              ro code   0x800'a884     0x2  startup_stm32l072xx.o [1]
  .text              ro code   0x800'a886     0x2  startup_stm32l072xx.o [1]
  .text              ro code   0x800'a888     0x2  startup_stm32l072xx.o [1]
  .text              ro code   0x800'a88a     0x2  startup_stm32l072xx.o [1]
  .text              ro code   0x800'a88c     0x2  startup_stm32l072xx.o [1]
  .rodata            const     0x800'a88e     0x0  zero_init3.o [4]
  .rodata            const     0x800'a88e     0x0  copy_init3.o [4]
  Initializer bytes  const     0x800'a890    0x24  <for P3 s0>
                             - 0x800'a8b4  0x77f4

"P3", part 1 of 3:                           0x24
  P3 s0                       0x2000'0000    0x24  <Init block>
    .data            inited   0x2000'0000    0x10  stm32l0xx_hal_rcc.o [1]
    .data            inited   0x2000'0010     0xc  stm32l0xx_hal_rcc.o [1]
    .data            inited   0x2000'001c     0x4  system_stm32l0xx.o [1]
    .data            inited   0x2000'0020     0x1  modbus_ascii.o [1]
                            - 0x2000'0024    0x24

"P3", part 2 of 3:                          0x668
  .bss               zero     0x2000'0024   0x140  DataOutput.o [1]
  .bss               zero     0x2000'0164    0xd0  stm32l0_eeprom_app.o [1]
  .bss               zero     0x2000'0234    0x78  modbus_ascii.o [1]
  .bss               zero     0x2000'02ac    0x78  stm32l0_usart_app.o [1]
  .bss               zero     0x2000'0324    0x78  stm32l0_usart_app.o [1]
  .bss               zero     0x2000'039c    0x70  stm32l0_usart_app.o [1]
  .bss               zero     0x2000'040c    0x5c  stm32l0_adc_app.o [1]
  .bss               zero     0x2000'0468    0x50  stm32l0_eeprom.o [1]
  .bss               zero     0x2000'04b8    0x40  stm32l0_eeprom.o [1]
  .bss               zero     0x2000'04f8    0x3c  stm32l0_adc_app.o [1]
  .bss               zero     0x2000'0534    0x38  stm32l0_timer_app.o [1]
  .bss               zero     0x2000'056c    0x30  DataOutput.o [1]
  .bss               zero     0x2000'059c    0x28  DataOutput.o [1]
  .bss               zero     0x2000'05c4    0x28  stm32l0_adc.o [1]
  .bss               zero     0x2000'05ec    0x28  stm32l0_adc_app.o [1]
  .bss               zero     0x2000'0614    0x1c  stm32l0_eeprom.o [1]
  .bss               zero     0x2000'0630    0x18  stm32l0xx_hal_flash.o [1]
  .bss               zero     0x2000'0648     0x8  stm32l0_eeprom.o [1]
  .bss               zero     0x2000'0650     0x4  DataOutput.o [1]
  .bss               zero     0x2000'0654     0x4  DataOutput.o [1]
  .bss               zero     0x2000'0658     0x4  DataOutput.o [1]
  .bss               zero     0x2000'065c     0x4  stm32l0_adc.o [1]
  .bss               zero     0x2000'0660     0x4  stm32l0xx_hal.o [1]
  .bss               zero     0x2000'0664     0x2  modbus.o [1]
  .bss               zero     0x2000'0666     0x2  modbus.o [1]
  .bss               zero     0x2000'0668     0x2  modbus.o [1]
  .bss               zero     0x2000'066a     0x2  modbus.o [1]
  .bss               zero     0x2000'066c     0x2  modbus.o [1]
  .bss               zero     0x2000'066e     0x2  modbus.o [1]
  .bss               zero     0x2000'0670     0x2  modbus.o [1]
  .bss               zero     0x2000'0672     0x2  modbus.o [1]
  .bss               zero     0x2000'0674     0x2  modbus.o [1]
  .bss               zero     0x2000'0676     0x2  modbus.o [1]
  .bss               zero     0x2000'0678     0x2  stm32l0_adc.o [1]
  .bss               zero     0x2000'067a     0x2  stm32l0_adc.o [1]
  .bss               zero     0x2000'067c     0x2  stm32l0_adc_app.o [1]
  .bss               zero     0x2000'067e     0x1  DataOutput.o [1]
  .bss               zero     0x2000'067f     0x1  DataOutput.o [1]
  .bss               zero     0x2000'0680     0x1  DataOutput.o [1]
  .bss               zero     0x2000'0681     0x1  DataOutput.o [1]
  .bss               zero     0x2000'0682     0x1  DataOutput.o [1]
  .bss               zero     0x2000'0683     0x1  DataOutput.o [1]
  .bss               zero     0x2000'0684     0x1  main.o [1]
  .bss               zero     0x2000'0685     0x1  modbus.o [1]
  .bss               zero     0x2000'0686     0x1  modbus_ascii.o [1]
  .bss               zero     0x2000'0687     0x1  stm32l0_usart_app.o [1]
  .bss               zero     0x2000'0688     0x1  stm32l0_usart_app.o [1]
                            - 0x2000'0689   0x665

"P3", part 3 of 3:                          0x400
  CSTACK                      0x2000'0690   0x400  <Block>
    CSTACK           uninit   0x2000'0690   0x400  <Block tail>
                            - 0x2000'0a90   0x400

Unused ranges:

         From           To      Size
         ----           --      ----
          0x0          0x0       0x1
   0x800'a8b4   0x801'ffff  0x1'574c
  0x2000'068c  0x2000'068f       0x4
  0x2000'0a90  0x2000'4fff    0x4570


*******************************************************************************
*** INIT TABLE
***

          Address      Size
          -------      ----
Zero (__iar_zero_init3)
    1 destination range, total size 0x665:
          0x2000'0024  0x665

Copy (__iar_copy_init3)
    1 source range, total size 0x24 (109% of destination):
           0x800'a890   0x24
    1 destination range, total size 0x21:
          0x2000'0000   0x21



*******************************************************************************
*** MODULE SUMMARY
***

    Module                        ro code  ro data  rw data
    ------                        -------  -------  -------
command line/config:
    -------------------------------------------------------
    Total:

E:\Mindray_V1_1_7(4_dot_Collect)\Project\Debug\Obj: [1]
    DataOutput.o                    2'212               426
    Picocap.o                         692    1'028
    SoftSpi.o                         536
    TypeConvert.o                     344
    main.o                            244                 1
    modbus.o                        8'372                21
    modbus_ascii.o                    884        1      122
    startup_stm32l072xx.o             258
    stm32l0_adc.o                   1'104                48
    stm32l0_adc_app.o                 424               194
    stm32l0_dac.o                     388
    stm32l0_dac_app.o                  92
    stm32l0_eeprom.o                  230               180
    stm32l0_eeprom_app.o            1'460      216      208
    stm32l0_timer.o                   284
    stm32l0_timer_app.o                72                56
    stm32l0_usart.o                   708
    stm32l0_usart_app.o               376               354
    stm32l0xx_hal.o                   152                 4
    stm32l0xx_hal_adc.o             1'248
    stm32l0xx_hal_adc_ex.o            336
    stm32l0xx_hal_cortex.o            280
    stm32l0xx_hal_dac.o               122
    stm32l0xx_hal_dma.o               462
    stm32l0xx_hal_flash.o             248                24
    stm32l0xx_hal_flash_ex.o          160
    stm32l0xx_hal_gpio.o              606
    stm32l0xx_hal_msp_template.o        4
    stm32l0xx_hal_rcc.o             2'240       28       28
    stm32l0xx_hal_rcc_ex.o            452
    stm32l0xx_hal_tim.o               658
    stm32l0xx_hal_uart.o            1'326
    stm32l0xx_it.o                     60
    system_stm32l0xx.o                 84        4        4
    -------------------------------------------------------
    Total:                         27'118    1'277    1'670

dl6M_tln.a: [2]
    exit.o                              8
    low_level_init.o                    4
    -------------------------------------------------------
    Total:                             12

m6M_tl.a: [3]
    DblAddSub.o                       436
    DblCmpLe.o                         50
    DblDiv.o                          194
    DblToFlt.o                         98
    FltAddSub.o                       288
    FltCmpGe.o                         40
    FltCmpLe.o                         38
    FltDiv.o                          170
    FltMul.o                          176
    FltToDbl.o                         50
    FltToS32.o                         58
    FltToU32.o                         38
    IxxToDbl.o                         32
    IxxToFlt.o                         54
    -------------------------------------------------------
    Total:                          1'722

rt6M_tl.a: [4]
    ABImemcpy.o                        78
    ABImemset.o                        78
    I32DivModFast.o                   224
    I64DivMod.o                       106
    I64DivZer.o                         2
    IntDivZer.o                         2
    cexit.o                            10
    cmain.o                            30
    copy_init3.o                       48
    cstartup_M.o                       12
    data_init.o                        40
    memset.o                           20
    zero_init3.o                       60
    -------------------------------------------------------
    Total:                            710

shb_l.a: [5]
    exit.o                             20
    -------------------------------------------------------
    Total:                             20

    Linker created                              41    1'024
-----------------------------------------------------------
    Grand Total:                   29'582    1'318    2'694


*******************************************************************************
*** ENTRY LIST
***

Entry                       Address   Size  Type      Object
-----                       -------   ----  ----      ------
.iar.init_table$$Base    0x800'a7e8          --   Gb  - Linker created -
.iar.init_table$$Limit   0x800'a80c          --   Gb  - Linker created -
?main                    0x800'a80d         Code  Gb  cmain.o [4]
ADC1_COMP_IRQHandler     0x800'a735    0x2  Code  Gb  stm32l0xx_it.o [1]
ADC_Chn_Config           0x800'a075   0x1c  Code  Gb  stm32l0_adc_app.o [1]
ADC_DMAConvCplt          0x800'9165   0x10  Code  Lc  stm32l0xx_hal_adc.o [1]
ADC_DMAError             0x800'917f   0x18  Code  Lc  stm32l0xx_hal_adc.o [1]
ADC_DMAHalfConvCplt      0x800'9175    0xa  Code  Lc  stm32l0xx_hal_adc.o [1]
ADC_DMA_Init             0x800'94f9  0x2a6  Code  Gb  stm32l0_adc.o [1]
ADC_DelayMicroSecond     0x800'9197   0x22  Code  Lc  stm32l0xx_hal_adc.o [1]
ADC_Enable               0x800'90cb   0x88  Code  Lc  stm32l0xx_hal_adc.o [1]
ADC_GPIO_Config          0x800'93ad  0x148  Code  Gb  stm32l0_adc.o [1]
ADC_GetChn_Value         0x800'a091   0x80  Code  Gb  stm32l0_adc_app.o [1]
ADC_GetChn_Value::DMA_TC_Cnt
                        0x2000'067c    0x2  Data  Lc  stm32l0_adc_app.o [1]
ADC_HandleInitStructure
                        0x2000'040c   0x5c  Data  Gb  stm32l0_adc_app.o [1]
ADC_TemperData_Handle    0x800'a111   0xc2  Code  Gb  stm32l0_adc_app.o [1]
APBAHBPrescTable        0x2000'0000   0x10  Data  Lc  stm32l0xx_hal_rcc.o [1]
AutoUploadTimeConvert    0x800'4f45   0x2c  Code  Lc  modbus.o [1]
CSTACK$$Base            0x2000'0690          --   Gb  - Linker created -
CSTACK$$Limit           0x2000'0a90          --   Gb  - Linker created -
Calib_ADHih             0x2000'0668    0x2  Data  Gb  modbus.o [1]
Calib_ADLow             0x2000'0666    0x2  Data  Gb  modbus.o [1]
Calib_ADMax             0x2000'066a    0x2  Data  Gb  modbus.o [1]
Calib_ADMin             0x2000'0664    0x2  Data  Gb  modbus.o [1]
Calib_CapDAHih          0x2000'0670    0x2  Data  Gb  modbus.o [1]
Calib_CapDALow          0x2000'066e    0x2  Data  Gb  modbus.o [1]
Calib_CapDAMax          0x2000'0672    0x2  Data  Gb  modbus.o [1]
Calib_CapDAMin          0x2000'066c    0x2  Data  Gb  modbus.o [1]
Calib_TempDAMax         0x2000'0676    0x2  Data  Gb  modbus.o [1]
Calib_TempDAMin         0x2000'0674    0x2  Data  Gb  modbus.o [1]
Cur_Param               0x2000'0164   0xd0  Data  Gb  stm32l0_eeprom_app.o [1]
DAC_Chn_Handle           0x800'a4e1   0x40  Code  Gb  stm32l0_dac_app.o [1]
DAC_Chn_Init             0x800'6041   0xa2  Code  Gb  stm32l0_dac.o [1]
DAC_Chn_Selection        0x800'a4cd   0x14  Code  Gb  stm32l0_dac_app.o [1]
DAC_Chn_SetValue         0x800'60e3   0xd4  Code  Gb  stm32l0_dac.o [1]
DMA1_Channel1_IRQHandler
                         0x800'a737    0x2  Code  Gb  stm32l0xx_it.o [1]
DMA_ADC_HandleInitStructure
                        0x2000'04f8   0x3c  Data  Gb  stm32l0_adc_app.o [1]
DMA_SetConfig            0x800'9387   0x20  Code  Lc  stm32l0xx_hal_dma.o [1]
DataError               0x2000'0682    0x1  Data  Gb  DataOutput.o [1]
DataFilterAndOutput      0x800'7ed9  0x7d4  Code  Gb  DataOutput.o [1]
DataFilterAndOutput::Ms100_Cycle
                        0x2000'0683    0x1  Data  Lc  DataOutput.o [1]
DebugMon_Handler         0x800'a711    0x2  Code  Gb  stm32l0xx_it.o [1]
Delay_us                 0x800'62ad   0x1a  Code  Gb  SoftSpi.o [1]
EXTI4_15_IRQHandler      0x800'a739    0xc  Code  Gb  stm32l0xx_it.o [1]
Eeprom_Read_MultiBytes   0x800'5ee3   0x2c  Code  Gb  stm32l0_eeprom.o [1]
Eeprom_Read_OneByte      0x800'5e8f    0xe  Code  Gb  stm32l0_eeprom.o [1]
Eeprom_SystemParam_Check
                         0x800'59c9   0xea  Code  Gb  stm32l0_eeprom_app.o [1]
Eeprom_Write3T_MultiBytes
                         0x800'5949   0x80  Code  Gb  stm32l0_eeprom_app.o [1]
Eeprom_Write_MultiBytes
                         0x800'5ea9   0x3a  Code  Gb  stm32l0_eeprom.o [1]
Eeprom_Write_OneByte     0x800'5e29   0x66  Code  Gb  stm32l0_eeprom.o [1]
FLASH_SetErrorCode       0x800'68f5   0x7a  Code  Lc  stm32l0xx_hal_flash.o [1]
FLASH_WaitForLastOperation
                         0x800'6885   0x6e  Code  Gb  stm32l0xx_hal_flash.o [1]
GetAverage               0x800'57e3   0x40  Code  Gb  TypeConvert.o [1]
GetDelExtremeAndAverage
                         0x800'5823   0x24  Code  Gb  TypeConvert.o [1]
GetFilterAverage         0x800'5847   0x2c  Code  Gb  TypeConvert.o [1]
GetPCapResult            0x800'7e5d   0x60  Code  Gb  DataOutput.o [1]
HAL_ADCEx_Calibration_GetValue
                         0x800'98bf    0xc  Code  Gb  stm32l0xx_hal_adc_ex.o [1]
HAL_ADCEx_Calibration_SetValue
                         0x800'98cb   0x6e  Code  Gb  stm32l0xx_hal_adc_ex.o [1]
HAL_ADCEx_Calibration_Start
                         0x800'97fd   0xc2  Code  Gb  stm32l0xx_hal_adc_ex.o [1]
HAL_ADCEx_EnableVREFINTTempSensor
                         0x800'9939    0xc  Code  Gb  stm32l0xx_hal_adc_ex.o [1]
HAL_ADC_ConfigChannel    0x800'8ff9   0xd2  Code  Gb  stm32l0xx_hal_adc.o [1]
HAL_ADC_Init             0x800'8cfd  0x24a  Code  Gb  stm32l0xx_hal_adc.o [1]
HAL_ADC_Start_DMA        0x800'8f5d   0x9c  Code  Gb  stm32l0xx_hal_adc.o [1]
HAL_DAC_ConfigChannel    0x800'6c07   0x4a  Code  Gb  stm32l0xx_hal_dac.o [1]
HAL_DAC_Init             0x800'6bdd   0x2a  Code  Gb  stm32l0xx_hal_dac.o [1]
HAL_DMA_Init             0x800'91d9  0x112  Code  Gb  stm32l0xx_hal_dma.o [1]
HAL_DMA_Start_IT         0x800'9325   0x62  Code  Gb  stm32l0xx_hal_dma.o [1]
HAL_DeInit               0x800'a447   0x28  Code  Gb  stm32l0xx_hal.o [1]
HAL_FLASHEx_DATAEEPROM_Lock
                         0x800'6801    0xe  Code  Gb  stm32l0xx_hal_flash_ex.o [1]
HAL_FLASHEx_DATAEEPROM_Program
                         0x800'680f   0x5a  Code  Gb  stm32l0xx_hal_flash_ex.o [1]
HAL_FLASHEx_DATAEEPROM_Unlock
                         0x800'67e5   0x1c  Code  Gb  stm32l0xx_hal_flash_ex.o [1]
HAL_GPIO_EXTI_IRQHandler
                         0x800'6b9b   0x1e  Code  Gb  stm32l0xx_hal_gpio.o [1]
HAL_GPIO_Init            0x800'697d  0x1e4  Code  Gb  stm32l0xx_hal_gpio.o [1]
HAL_GPIO_ReadPin         0x800'6b71   0x16  Code  Gb  stm32l0xx_hal_gpio.o [1]
HAL_GPIO_WritePin        0x800'6b87   0x14  Code  Gb  stm32l0xx_hal_gpio.o [1]
HAL_GetTick              0x800'6f25    0xc  Code  Wk  stm32l0xx_hal.o [1]
HAL_IncTick              0x800'a745   0x10  Code  Wk  stm32l0xx_hal.o [1]
HAL_Init                 0x800'a42d   0x1a  Code  Gb  stm32l0xx_hal.o [1]
HAL_InitTick             0x800'7e39   0x24  Code  Wk  stm32l0xx_hal.o [1]
HAL_MspDeInit            0x800'a53f    0x2  Code  Gb  stm32l0xx_hal_msp_template.o [1]
HAL_MspInit              0x800'a53d    0x2  Code  Gb  stm32l0xx_hal_msp_template.o [1]
HAL_NVIC_DisableIRQ      0x800'754b    0xa  Code  Gb  stm32l0xx_hal_cortex.o [1]
HAL_NVIC_EnableIRQ       0x800'7541    0xa  Code  Gb  stm32l0xx_hal_cortex.o [1]
HAL_NVIC_SetPriority     0x800'7537    0xa  Code  Gb  stm32l0xx_hal_cortex.o [1]
HAL_RCCEx_PeriphCLKConfig
                         0x800'9d25  0x158  Code  Gb  stm32l0xx_hal_rcc_ex.o [1]
HAL_RCC_ClockConfig      0x800'7a95  0x26a  Code  Gb  stm32l0xx_hal_rcc.o [1]
HAL_RCC_DeInit           0x800'9cfd   0x28  Code  Gb  stm32l0xx_hal_rcc_ex.o [1]
HAL_RCC_GetHCLKFreq      0x800'7dbd   0x1e  Code  Gb  stm32l0xx_hal_rcc.o [1]
HAL_RCC_GetPCLK1Freq     0x800'7ddb   0x18  Code  Gb  stm32l0xx_hal_rcc.o [1]
HAL_RCC_GetPCLK2Freq     0x800'7df3   0x18  Code  Gb  stm32l0xx_hal_rcc.o [1]
HAL_RCC_GetSysClockFreq
                         0x800'7d11   0xac  Code  Gb  stm32l0xx_hal_rcc.o [1]
HAL_RCC_OscConfig        0x800'7579  0x4e4  Code  Gb  stm32l0xx_hal_rcc.o [1]
HAL_SYSTICK_Config       0x800'7555    0x8  Code  Gb  stm32l0xx_hal_cortex.o [1]
HAL_TIM_Base_Init        0x800'89b5   0x32  Code  Gb  stm32l0xx_hal_tim.o [1]
HAL_TIM_Base_Start_IT    0x800'8a11   0x1a  Code  Gb  stm32l0xx_hal_tim.o [1]
HAL_TIM_Base_Stop        0x800'89e7   0x2a  Code  Gb  stm32l0xx_hal_tim.o [1]
HAL_TIM_Base_Stop_IT     0x800'8a2b   0x2a  Code  Gb  stm32l0xx_hal_tim.o [1]
HAL_TIM_IRQHandler       0x800'8a59  0x164  Code  Gb  stm32l0xx_hal_tim.o [1]
HAL_TIM_PeriodElapsedCallback
                         0x800'86ad   0x38  Code  Gb  DataOutput.o [1]
HAL_UART_Init            0x800'6f31   0x70  Code  Gb  stm32l0xx_hal_uart.o [1]
HardFault_Handler        0x800'a70b    0x4  Code  Gb  stm32l0xx_it.o [1]
HexToFloat               0x800'571b   0x16  Code  Gb  TypeConvert.o [1]
HexToUlong               0x800'5731   0x16  Code  Gb  TypeConvert.o [1]
LFilterCnt              0x2000'0681    0x1  Data  Gb  DataOutput.o [1]
LiquidStableFlag        0x2000'067e    0x1  Data  Gb  DataOutput.o [1]
MBASCII_Fun03            0x800'3139  0x1f2  Code  Gb  modbus.o [1]
MBASCII_Fun04            0x800'3349  0x1d0  Code  Gb  modbus.o [1]
MBASCII_Fun05            0x800'356d  0x42a  Code  Gb  modbus.o [1]
MBASCII_Fun10            0x800'39a5  0x3e8  Code  Gb  modbus.o [1]
MBASCII_Fun25            0x800'3db1  0x2c8  Code  Gb  modbus.o [1]
MBASCII_Fun26            0x800'40a9  0x224  Code  Gb  modbus.o [1]
MBASCII_Fun27            0x800'42f9  0x420  Code  Gb  modbus.o [1]
MBASCII_Fun2A            0x800'4731  0x1b6  Code  Gb  modbus.o [1]
MBASCII_Fun2B            0x800'48fd  0x2ca  Code  Gb  modbus.o [1]
MBASCII_Fun41            0x800'4bd5   0xbc  Code  Gb  modbus.o [1]
MBASCII_Function         0x800'4c9d   0xf4  Code  Gb  modbus.o [1]
MBASCII_GetFunCode       0x800'30d7    0x4  Code  Gb  modbus.o [1]
MBASCII_GetSlaveAddr     0x800'30d3    0x4  Code  Gb  modbus.o [1]
MBASCII_SendErr          0x800'30f7   0x30  Code  Gb  modbus.o [1]
MBASCII_SendMsg          0x800'30db   0x1c  Code  Gb  modbus.o [1]
MBASCII_SendMsg_NoLimit
                         0x800'3127   0x12  Code  Gb  modbus.o [1]
MB_CapAD_Calibration     0x800'4f9d   0x8c  Code  Gb  modbus.o [1]
MB_CapDAOut_Calibration
                         0x800'503d   0x8a  Code  Gb  modbus.o [1]
MB_TempDAOut_Calibration
                         0x800'50d1   0x5e  Code  Gb  modbus.o [1]
MODBUS_ASCII_AsciiPacketToRtuPacket
                         0x800'525b   0x54  Code  Gb  modbus_ascii.o [1]
MODBUS_ASCII_AsciiToHex
                         0x800'51b7   0x50  Code  Gb  modbus_ascii.o [1]
MODBUS_ASCII_CheckAscii
                         0x800'5399   0x56  Code  Gb  modbus_ascii.o [1]
MODBUS_ASCII_GetLrc      0x800'5207   0x54  Code  Gb  modbus_ascii.o [1]
MODBUS_ASCII_HandlRevData
                         0x800'52e7   0xb2  Code  Gb  modbus_ascii.o [1]
MODBUS_ASCII_HexToAscii
                         0x800'5175   0x42  Code  Gb  modbus_ascii.o [1]
MODBUS_ASCII_RecvData    0x800'53ef   0x78  Code  Gb  modbus_ascii.o [1]
MODBUS_ASCII_RtuPacketToAsciiPacket
                         0x800'52af   0x38  Code  Gb  modbus_ascii.o [1]
MODBUS_ASCII_SendData    0x800'5467   0x6a  Code  Gb  modbus_ascii.o [1]
ModbusAutoUpload         0x800'4db5  0x18c  Code  Gb  modbus.o [1]
NMI_Handler              0x800'a709    0x2  Code  Gb  stm32l0xx_it.o [1]
NVIC_DisableIRQ          0x800'746f    0xe  Code  Lc  stm32l0xx_hal_cortex.o [1]
NVIC_EnableIRQ           0x800'7461    0xe  Code  Lc  stm32l0xx_hal_cortex.o [1]
NVIC_SetPriority         0x800'747d   0x8a  Code  Lc  stm32l0xx_hal_cortex.o [1]
NVIC_SystemReset         0x800'30c1   0x12  Code  Lc  modbus.o [1]
PCapAvg_FrontOneSec     0x2000'0654    0x4  Data  Gb  DataOutput.o [1]
PCapDataOutFlag         0x2000'0680    0x1  Data  Gb  DataOutput.o [1]
PCapData_OneSec         0x2000'0650    0x4  Data  Gb  DataOutput.o [1]
PCapFilterData          0x2000'0658    0x4  Data  Gb  DataOutput.o [1]
PCapHFilterBuf          0x2000'056c   0x30  Data  Gb  DataOutput.o [1]
PCapLFilterBuf          0x2000'0024  0x140  Data  Gb  DataOutput.o [1]
PCapResBuf              0x2000'059c   0x28  Data  Gb  DataOutput.o [1]
PCap_Enable              0x800'87f1   0x32  Code  Gb  Picocap.o [1]
PCap_Init                0x800'8701   0x5a  Code  Gb  Picocap.o [1]
PCap_Measure             0x800'87bf   0x32  Code  Gb  Picocap.o [1]
PCap_PTL_Reset           0x800'878d   0x32  Code  Gb  Picocap.o [1]
PCap_Reg_Config          0x800'88e5   0x4a  Code  Gb  Picocap.o [1]
PCap_Res_Capacitance     0x800'8979   0x3c  Code  Gb  Picocap.o [1]
PCap_Res_Sta             0x800'893d   0x3c  Code  Gb  Picocap.o [1]
PCap_Reset               0x800'875b   0x32  Code  Gb  Picocap.o [1]
PCap_WR_SRAM             0x800'8823   0xc2  Code  Gb  Picocap.o [1]
PLLMulTable             0x2000'0010    0xc  Data  Lc  stm32l0xx_hal_rcc.o [1]
PendSV_Handler           0x800'a713    0x2  Code  Gb  stm32l0xx_it.o [1]
ProcFlash               0x2000'0630   0x18  Data  Gb  stm32l0xx_hal_flash.o [1]
ProductParam            0x2000'0468   0x50  Data  Gb  stm32l0_eeprom.o [1]
REG                      0x800'a660   0x54  Data  Gb  Picocap.o [1]
RcvBuf                  0x2000'0324   0x78  Data  Gb  stm32l0_usart_app.o [1]
Read_Device_Param        0x800'5ac5  0x346  Code  Gb  stm32l0_eeprom_app.o [1]
Region$$Table$$Base      0x800'a7e8          --   Gb  - Linker created -
Region$$Table$$Limit     0x800'a80c          --   Gb  - Linker created -
RunVarParam             0x2000'04b8   0x40  Data  Gb  stm32l0_eeprom.o [1]
SPI_Bit_Clr              0x800'6277   0x36  Code  Gb  SoftSpi.o [1]
SPI_Bit_Set              0x800'6241   0x36  Code  Gb  SoftSpi.o [1]
SPI_Init                 0x800'61c5   0x7c  Code  Gb  SoftSpi.o [1]
SPI_Receive_24Bit        0x800'6315   0x4c  Code  Gb  SoftSpi.o [1]
SPI_Receive_8Bit         0x800'62c7   0x4e  Code  Gb  SoftSpi.o [1]
SPI_Send_16Bit           0x800'6395   0x24  Code  Gb  SoftSpi.o [1]
SPI_Send_32Bit           0x800'63b9   0x24  Code  Gb  SoftSpi.o [1]
SPI_Send_8Bit            0x800'6371   0x24  Code  Gb  SoftSpi.o [1]
SRAM_DATA                0x800'994c  0x3b0  Data  Gb  Picocap.o [1]
SVC_Handler              0x800'a70f    0x2  Code  Gb  stm32l0xx_it.o [1]
SenBuf                  0x2000'02ac   0x78  Data  Gb  stm32l0_usart_app.o [1]
SenBufLen               0x2000'0687    0x1  Data  Gb  stm32l0_usart_app.o [1]
SendLen                 0x2000'0685    0x1  Data  Gb  modbus.o [1]
SensorEvent              0x800'4f71   0x2c  Code  Gb  modbus.o [1]
SensorSoftVersion        0x800'a874    0x8  Data  Gb  stm32l0_eeprom_app.o [1]
SortArrayExtreme         0x800'5747   0x9c  Code  Gb  TypeConvert.o [1]
SwitchCurFilter          0x800'5875   0xd4  Code  Gb  stm32l0_eeprom_app.o [1]
SysTick_Config           0x800'7507   0x30  Code  Lc  stm32l0xx_hal_cortex.o [1]
SysTick_Handler          0x800'a715    0x8  Code  Gb  stm32l0xx_it.o [1]
SystemClockConfiguration
                         0x800'a39d   0x7e  Code  Gb  main.o [1]
SystemCoreClock         0x2000'001c    0x4  Data  Gb  system_stm32l0xx.o [1]
SystemInit               0x800'a6b5   0x34  Code  Gb  system_stm32l0xx.o [1]
TIM2_HandleInitStruct   0x2000'0534   0x38  Data  Gb  stm32l0_timer_app.o [1]
TIM2_IRQHandler          0x800'a725    0xa  Code  Gb  stm32l0xx_it.o [1]
TIM_Base_SetConfig       0x800'8bbd   0x70  Code  Lc  stm32l0xx_hal_tim.o [1]
Temp130_Vref_Adc        0x2000'067a    0x2  Data  Gb  stm32l0_adc.o [1]
Temp30_Vref_Adc         0x2000'0678    0x2  Data  Gb  stm32l0_adc.o [1]
TempVarySlope           0x2000'065c    0x4  Data  Gb  stm32l0_adc.o [1]
TimerCycleFlag          0x2000'067f    0x1  Data  Gb  DataOutput.o [1]
UART1_ISR_Handle         0x800'65f5   0x1e  Code  Gb  stm32l0_usart_app.o [1]
UART1_SendData           0x800'6599   0x5c  Code  Gb  stm32l0_usart_app.o [1]
UART_AdvFeatureConfig    0x800'725d   0xde  Code  Gb  stm32l0xx_hal_uart.o [1]
UART_CheckIdleState      0x800'71eb   0x54  Code  Gb  stm32l0xx_hal_uart.o [1]
UART_HandleStruct       0x2000'039c   0x70  Data  Gb  stm32l0_usart_app.o [1]
UART_SetConfig           0x800'6fa5  0x246  Code  Gb  stm32l0xx_hal_uart.o [1]
UART_WaitOnFlagUntilTimeout
                         0x800'7341   0xe2  Code  Gb  stm32l0xx_hal_uart.o [1]
USART1_IRQHandler        0x800'a71d    0x8  Code  Gb  stm32l0xx_it.o [1]
UsartParam              0x2000'0648    0x8  Data  Gb  stm32l0_eeprom.o [1]
UsartRecvOk             0x2000'0688    0x1  Data  Gb  stm32l0_usart_app.o [1]
UserParam               0x2000'0614   0x1c  Data  Gb  stm32l0_eeprom.o [1]
User_Default_Param       0x800'a590   0xd0  Data  Gb  stm32l0_eeprom_app.o [1]
__aeabi_cdcmple          0x800'8cc3         Code  Gb  DblCmpLe.o [3]
__aeabi_cfcmple          0x800'6019         Code  Gb  FltCmpLe.o [3]
__aeabi_cfrcmple         0x800'5ff1         Code  Gb  FltCmpGe.o [3]
__aeabi_d2f              0x800'6783         Code  Gb  DblToFlt.o [3]
__aeabi_dadd             0x800'9ec1         Code  Gb  DblAddSub.o [3]
__aeabi_ddiv             0x800'66c1         Code  Gb  DblDiv.o [3]
__aeabi_dsub             0x800'9f87         Code  Gb  DblAddSub.o [3]
__aeabi_f2d              0x800'8c91         Code  Gb  FltToDbl.o [3]
__aeabi_f2iz             0x800'55c1         Code  Gb  FltToS32.o [3]
__aeabi_f2uiz            0x800'5599         Code  Gb  FltToU32.o [3]
__aeabi_fadd             0x800'55fb         Code  Gb  FltAddSub.o [3]
__aeabi_fdiv             0x800'5f47         Code  Gb  FltDiv.o [3]
__aeabi_fmul             0x800'54e9         Code  Gb  FltMul.o [3]
__aeabi_fsub             0x800'566b         Code  Gb  FltAddSub.o [3]
__aeabi_i2f              0x800'5f31         Code  Gb  IxxToFlt.o [3]
__aeabi_idiv             0x800'6409         Code  Gb  I32DivModFast.o [4]
__aeabi_idiv0            0x800'6c59         Code  Gb  IntDivZer.o [4]
__aeabi_idivmod          0x800'6409         Code  Gb  I32DivModFast.o [4]
__aeabi_ldiv0            0x800'6f21         Code  Gb  I64DivZer.o [4]
__aeabi_memcpy           0x800'8c75         Code  Gb  ABImemcpy.o [4]
__aeabi_memcpy4          0x800'8c41         Code  Gb  ABImemcpy.o [4]
__aeabi_memcpy8          0x800'8c41         Code  Gb  ABImemcpy.o [4]
__aeabi_memset           0x800'a541         Code  Gb  ABImemset.o [4]
__aeabi_ui2d             0x800'66a1         Code  Gb  IxxToDbl.o [3]
__aeabi_ui2f             0x800'5f11         Code  Gb  IxxToFlt.o [3]
__aeabi_uidiv            0x800'640f         Code  Gb  I32DivModFast.o [4]
__aeabi_uidivmod         0x800'640f         Code  Gb  I32DivModFast.o [4]
__aeabi_uldivmod         0x800'6635         Code  Gb  I64DivMod.o [4]
__cmain                  0x800'a80d         Code  Gb  cmain.o [4]
__exit                   0x800'a845   0x14  Code  Gb  exit.o [5]
__iar_Memcpy             0x800'8c81         Code  Gb  ABImemcpy.o [4]
__iar_Memset4_word       0x800'a561         Code  Gb  ABImemset.o [4]
__iar_Memset_word        0x800'a54d         Code  Gb  ABImemset.o [4]
__iar_copy_init3         0x800'a791   0x30  Code  Gb  copy_init3.o [4]
__iar_data_init3         0x800'a7c1   0x28  Code  Gb  data_init.o [4]
__iar_program_start      0x800'a869         Code  Gb  cstartup_M.o [4]
__iar_zero_init3         0x800'a755   0x3c  Code  Gb  zero_init3.o [4]
__low_level_init         0x800'a82b    0x4  Code  Gb  low_level_init.o [2]
__vector_table           0x800'3000         Data  Gb  startup_stm32l072xx.o [1]
_call_main               0x800'a819         Code  Gb  cmain.o [4]
_exit                    0x800'a839         Code  Gb  cexit.o [4]
_main                    0x800'a827         Code  Gb  cmain.o [4]
cnt                     0x2000'0684    0x1  Data  Gb  main.o [1]
cyAsciiBuff             0x2000'0234   0x78  Data  Gb  modbus_ascii.o [1]
exit                     0x800'a82f    0x8  Code  Gb  exit.o [2]
gADC_GetData            0x2000'05c4   0x28  Data  Gb  stm32l0_adc.o [1]
gTim2Config              0x800'a485   0x3a  Code  Gb  stm32l0_timer_app.o [1]
gTimPeriodConfig         0x800'a21d  0x11c  Code  Gb  stm32l0_timer.o [1]
gUart1_Config            0x800'64bd   0xdc  Code  Gb  stm32l0_usart_app.o [1]
gUart_Gpio_Config        0x800'6c5d  0x1c0  Code  Gb  stm32l0_usart.o [1]
gUart_Param_Init         0x800'6e25   0xe4  Code  Gb  stm32l0_usart.o [1]
g_cyRevBufffLen         0x2000'0686    0x1  Data  Lc  modbus_ascii.o [1]
g_cyRevState            0x2000'0020    0x1  Data  Lc  modbus_ascii.o [1]
main                     0x800'a339   0x64  Code  Gb  main.o [1]
memset                   0x800'a529   0x14  Code  Gb  memset.o [4]
uADC_GetResult          0x2000'05ec   0x28  Data  Gb  stm32l0_adc_app.o [1]
uwTick                  0x2000'0660    0x4  Data  Lc  stm32l0xx_hal.o [1]


[1] = E:\Mindray_V1_1_7(4_dot_Collect)\Project\Debug\Obj
[2] = dl6M_tln.a
[3] = m6M_tl.a
[4] = rt6M_tl.a
[5] = shb_l.a

  29'582 bytes of readonly  code memory
   1'318 bytes of readonly  data memory
   2'694 bytes of readwrite data memory

Errors: none
Warnings: none
